Command line invocation:
    /Applications/Xcode.app/Contents/Developer/usr/bin/xcodebuild -project SSHTerminal.xcodeproj -scheme SSHTerminal -destination "platform=iOS Simulator,name=iPhone 15 Pro" clean build

2026-02-10 20:03:49.292 xcodebuild[6051:209026] [MT] IDERunDestination: Supported platforms for the buildables in the current scheme is empty.
2026-02-10 20:04:49.390 xcodebuild[6051:209026] Writing error result bundle to /var/folders/r6/jwlj36v55z98fc8m4qhrqqhm0000gn/T/ResultBundle_2026-10-02_20-04-0049.xcresult
xcodebuild: error: Unable to find a device matching the provided destination specifier:
		{ platform:iOS Simulator, OS:latest, name:iPhone 15 Pro }

	The requested device could not be found because no available devices matched the request.

	Available destinations for the "SSHTerminal" scheme:
		{ platform:macOS, arch:arm64, variant:Designed for [iPad,iPhone], id:00008132-001858D80CA1801C, name:My Mac }
		{ platform:iOS, arch:arm64, id:00008140-0009749C3CC2801C, name:Alicia's Newest Fucking Phone }
		{ platform:iOS, arch:arm64, id:00008110-000A7DCE14F2801E, name:dmg’s iPhone }
		{ platform:iOS, arch:arm64, id:00008101-000219580C28801E, name:iPad }
		{ platform:iOS, id:dvtdevice-DVTiPhonePlaceholder-iphoneos:placeholder, name:Any iOS Device }
		{ platform:iOS Simulator, id:dvtdevice-DVTiOSDeviceSimulatorPlaceholder-iphonesimulator:placeholder, name:Any iOS Simulator Device }
		{ platform:iOS Simulator, arch:arm64, id:650A8F3C-C82E-432A-BADF-F4A613A12FC4, OS:18.6, name:iPad (A16) }
		{ platform:iOS Simulator, arch:x86_64, id:650A8F3C-C82E-432A-BADF-F4A613A12FC4, OS:18.6, name:iPad (A16) }
		{ platform:iOS Simulator, arch:arm64, id:CBEE1D5C-3677-418E-B9B0-F0A9C978CA7B, OS:26.2, name:iPad (A16) }
		{ platform:iOS Simulator, arch:arm64, id:47A80D47-80FD-4020-9696-89277803760C, OS:18.6, name:iPad Air 11-inch (M3) }
		{ platform:iOS Simulator, arch:x86_64, id:47A80D47-80FD-4020-9696-89277803760C, OS:18.6, name:iPad Air 11-inch (M3) }
		{ platform:iOS Simulator, arch:arm64, id:7D47EFE3-4011-443B-B563-73EAA249E091, OS:26.2, name:iPad Air 11-inch (M3) }
		{ platform:iOS Simulator, arch:arm64, id:C060494A-AC53-43E4-93C5-64AEF93A5F0A, OS:18.6, name:iPad Air 13-inch (M3) }
		{ platform:iOS Simulator, arch:x86_64, id:C060494A-AC53-43E4-93C5-64AEF93A5F0A, OS:18.6, name:iPad Air 13-inch (M3) }
		{ platform:iOS Simulator, arch:arm64, id:8A4F1193-5737-462E-BD08-3A0389CE5B31, OS:26.2, name:iPad Air 13-inch (M3) }
		{ platform:iOS Simulator, arch:arm64, id:D02236D4-F8F9-4B80-8024-F10F0CB0C5AC, OS:18.6, name:iPad Pro 11-inch (M4) }
		{ platform:iOS Simulator, arch:x86_64, id:D02236D4-F8F9-4B80-8024-F10F0CB0C5AC, OS:18.6, name:iPad Pro 11-inch (M4) }
		{ platform:iOS Simulator, arch:arm64, id:DDAF7E7D-BA68-426A-8848-41B2A9EDEDE8, OS:26.2, name:iPad Pro 11-inch (M5) }
		{ platform:iOS Simulator, arch:arm64, id:1B910AB3-3923-47BC-99DA-A6C72C7C6F99, OS:18.6, name:iPad Pro 13-inch (M4) }
		{ platform:iOS Simulator, arch:x86_64, id:1B910AB3-3923-47BC-99DA-A6C72C7C6F99, OS:18.6, name:iPad Pro 13-inch (M4) }
		{ platform:iOS Simulator, arch:arm64, id:C746E790-9918-4FB0-8F3B-9B223D24CF4A, OS:26.2, name:iPad Pro 13-inch (M5) }
		{ platform:iOS Simulator, arch:arm64, id:6D704D6A-6A0B-4AE1-8249-F58586D4A377, OS:18.6, name:iPad mini (A17 Pro) }
		{ platform:iOS Simulator, arch:x86_64, id:6D704D6A-6A0B-4AE1-8249-F58586D4A377, OS:18.6, name:iPad mini (A17 Pro) }
		{ platform:iOS Simulator, arch:arm64, id:A091C0C8-891E-4B48-BE69-37A1610C9AB8, OS:26.2, name:iPad mini (A17 Pro) }
		{ platform:iOS Simulator, arch:arm64, id:472C2411-9F9C-4EE3-9537-BBAD85F87C7D, OS:18.6, name:iPhone 16 }
		{ platform:iOS Simulator, arch:x86_64, id:472C2411-9F9C-4EE3-9537-BBAD85F87C7D, OS:18.6, name:iPhone 16 }
		{ platform:iOS Simulator, arch:arm64, id:7B17D72D-8EAE-45E7-8E6D-B9BD43244535, OS:18.6, name:iPhone 16 Plus }
		{ platform:iOS Simulator, arch:x86_64, id:7B17D72D-8EAE-45E7-8E6D-B9BD43244535, OS:18.6, name:iPhone 16 Plus }
		{ platform:iOS Simulator, arch:arm64, id:0BF4388C-ABCB-4DA2-86B0-96A7BBE98864, OS:18.6, name:iPhone 16 Pro }
		{ platform:iOS Simulator, arch:x86_64, id:0BF4388C-ABCB-4DA2-86B0-96A7BBE98864, OS:18.6, name:iPhone 16 Pro }
		{ platform:iOS Simulator, arch:arm64, id:8069C72D-7942-4457-9672-8648B4573D8F, OS:18.6, name:iPhone 16 Pro Max }
		{ platform:iOS Simulator, arch:x86_64, id:8069C72D-7942-4457-9672-8648B4573D8F, OS:18.6, name:iPhone 16 Pro Max }
		{ platform:iOS Simulator, arch:arm64, id:7D51281B-BD27-48C0-98D6-17BDA8932243, OS:18.6, name:iPhone 16e }
		{ platform:iOS Simulator, arch:x86_64, id:7D51281B-BD27-48C0-98D6-17BDA8932243, OS:18.6, name:iPhone 16e }
		{ platform:iOS Simulator, arch:arm64, id:93228126-9CEE-48D6-9B9C-3340630D131D, OS:26.2, name:iPhone 16e }
		{ platform:iOS Simulator, arch:arm64, id:B809565B-49B4-4122-8B31-92D4BD6E493D, OS:26.2, name:iPhone 17 }
		{ platform:iOS Simulator, arch:arm64, id:1C723550-2C71-4F07-8AF9-1485D5B55853, OS:26.2, name:iPhone 17 Pro }
		{ platform:iOS Simulator, arch:arm64, id:D9721CAF-D003-44A9-831E-EB46C500C170, OS:26.2, name:iPhone 17 Pro Max }
		{ platform:iOS Simulator, arch:arm64, id:9D8896DA-F3B1-4A1F-80E9-3DD812DBB672, OS:26.2, name:iPhone Air }
